[      -4ms] [ERROR] Failed to load resource: the server responded with a status of 404 (Not Found) @ http://localhost:3002/en/alerts:0
[     180ms] [INFO] %cDownload the React DevTools for a better development experience: https://react.dev/link/react-devtools font-weight:bold @ http://localhost:3002/_next/static/chunks/node_modules_next_dist_f3530cac._.js:2297
[     346ms] [LOG] [HMR] connected @ http://localhost:3002/_next/static/chunks/node_modules_next_dist_f3530cac._.js:2297
[  112775ms] [LOG] [Fast Refresh] rebuilding @ http://localhost:3002/_next/static/chunks/node_modules_next_dist_f3530cac._.js:2297
[  112880ms] [LOG] [Fast Refresh] done in 122ms @ http://localhost:3002/_next/static/chunks/node_modules_next_dist_f3530cac._.js:2297
[  113052ms] [LOG] [Fast Refresh] rebuilding @ http://localhost:3002/_next/static/chunks/node_modules_next_dist_f3530cac._.js:2297
[  113064ms] [LOG] [Fast Refresh] done in 111ms @ http://localhost:3002/_next/static/chunks/node_modules_next_dist_f3530cac._.js:2297
[  113260ms] [LOG] [Fast Refresh] rebuilding @ http://localhost:3002/_next/static/chunks/node_modules_next_dist_f3530cac._.js:2297
[  116407ms] [LOG] [Fast Refresh] done in 1214ms @ http://localhost:3002/_next/static/chunks/node_modules_next_dist_f3530cac._.js:2297
[  116517ms] [LOG] [Fast Refresh] rebuilding @ http://localhost:3002/_next/static/chunks/node_modules_next_dist_f3530cac._.js:2297
[  116757ms] [LOG] [Fast Refresh] done in 345ms @ http://localhost:3002/_next/static/chunks/node_modules_next_dist_f3530cac._.js:2297
[  116887ms] [LOG] [Fast Refresh] rebuilding @ http://localhost:3002/_next/static/chunks/node_modules_next_dist_f3530cac._.js:2297
[  116907ms] [LOG] [Fast Refresh] done in 121ms @ http://localhost:3002/_next/static/chunks/node_modules_next_dist_f3530cac._.js:2297
[  117260ms] [LOG] [Fast Refresh] rebuilding @ http://localhost:3002/_next/static/chunks/node_modules_next_dist_f3530cac._.js:2297
[  117308ms] [LOG] [Fast Refresh] done in 152ms @ http://localhost:3002/_next/static/chunks/node_modules_next_dist_f3530cac._.js:2297
[  119714ms] [INFO] %cDownload the React DevTools for a better development experience: https://react.dev/link/react-devtools font-weight:bold @ http://localhost:3002/_next/static/chunks/node_modules_next_dist_f3530cac._.js:2297
[  119811ms] [LOG] [HMR] connected @ http://localhost:3002/_next/static/chunks/node_modules_next_dist_f3530cac._.js:2297
[  131200ms] [LOG] [Fast Refresh] rebuilding @ http://localhost:3002/_next/static/chunks/node_modules_next_dist_f3530cac._.js:2297
[  131739ms] [LOG] [Fast Refresh] done in 640ms @ http://localhost:3002/_next/static/chunks/node_modules_next_dist_f3530cac._.js:2297
[  131841ms] [LOG] [Fast Refresh] rebuilding @ http://localhost:3002/_next/static/chunks/node_modules_next_dist_f3530cac._.js:2297
[  131861ms] [LOG] [Fast Refresh] done in 120ms @ http://localhost:3002/_next/static/chunks/node_modules_next_dist_f3530cac._.js:2297
[  135978ms] [LOG] [Fast Refresh] rebuilding @ http://localhost:3002/_next/static/chunks/node_modules_next_dist_f3530cac._.js:2297
[  136393ms] [LOG] [Fast Refresh] done in 516ms @ http://localhost:3002/_next/static/chunks/node_modules_next_dist_f3530cac._.js:2297
[  136495ms] [LOG] [Fast Refresh] rebuilding @ http://localhost:3002/_next/static/chunks/node_modules_next_dist_f3530cac._.js:2297
[  136528ms] [LOG] [Fast Refresh] done in 133ms @ http://localhost:3002/_next/static/chunks/node_modules_next_dist_f3530cac._.js:2297
